 +------------------------------------------------------------+
 |                                                            |
 |  Codex Token Usage Report - Weekly (Timezone: UTC)         |
 |                                                            |
 +------------------------------------------------------------+

+------------+------------------+------------+------------+-------------+--------------+----------------+--------------+
| Week       | Models           |      Input |     Output |   Reasoning |        Cache |          Total |         Cost |
|            |                  |            |            |             |         Read |         Tokens |        (USD) |
+------------+------------------+------------+------------+-------------+--------------+----------------+--------------+
| Jun 29,    | - gpt-5          |        500 |        334 |          34 |          400 |          1,234 |        $4.25 |
| 2026       |                  |            |            |             |              |                |              |
+------------+------------------+------------+------------+-------------+--------------+----------------+--------------+
| Total      |                  |        500 |        334 |          34 |          400 |          1,234 |        $4.25 |
+------------+------------------+------------+------------+-------------+--------------+----------------+--------------+
