{"schemaVersion":1,"source":"all","combined":{"costUsd":4.25,"totalTokens":1234},"sources":[{"source":"claude","status":"empty","data":{"schemaVersion":1,"rangeStart":"2026-07-01","rangeEnd":"2026-07-02","weeksInRange":1,"groupMode":"git-root","totals":{"costUsd":0.0,"usedPercent":null,"weeklyAttributionAvailable":false},"projects":[],"warnings":[]},"warnings":[]},{"source":"codex","status":"ok","data":{"rangeStart":"2026-07-01T00:00:00Z","rangeEnd":"2026-07-02T12:00:00Z","windowKind":"calendar","totals":{"costUsd":4.25,"totalTokens":1234},"projects":[{"projectKey":"project:b30a221d3a9cae53de36d123","displayLabel":"project","sessionCount":1,"firstSeen":"2026-07-01T08:00:00Z","lastSeen":"2026-07-01T08:00:00Z","tokens":{"inputTokens":900,"cachedInputTokens":400,"nonCachedInputTokens":500,"outputTokens":334,"reasoningOutputTokens":34,"totalTokens":1234},"costUsd":4.25,"quotaAttributions":[]}]},"warnings":[]}],"warnings":[]}
