{"schemaVersion":1,"source":"codex","status":"empty","data":{"start":"2026-07-01T00:00:00Z","end":"2026-07-02T12:00:00Z","groupBy":"date","totals":{"costUsd":0.0,"inputTokens":0,"cachedInputTokens":0,"nonCachedInputTokens":0,"outputTokens":0,"reasoningOutputTokens":0,"totalTokens":0,"cachedInputPercent":null},"sections":[{"key":"token-reuse","status":"empty","data":{"rows":[]},"warnings":[]},{"key":"project-metadata","status":"empty","data":{"projects":[]},"warnings":[]}]},"warnings":[]}
