{"schema_version":1,"source":"codex","status":"empty","data":{"windows":{"a":{"label":"A","kind":"calendar","start_at":"2026-07-01T00:00:00Z","end_at":"2026-07-01T12:00:00Z","used_pct_mode":null},"b":{"label":"B","kind":"calendar","start_at":"2026-07-01T12:00:00Z","end_at":"2026-07-02T00:00:00Z","used_pct_mode":null}},"combined":{"cost_usd":{"a":0.0,"b":0.0,"delta":0.0},"total_tokens":{"a":0,"b":0,"delta":0}},"sections":[{"key":"overall","label":"Overall","status":"empty","data":{"rows":[]},"warnings":[]},{"key":"models","label":"Models","status":"empty","data":{"rows":[]},"warnings":[]},{"key":"projects","label":"Projects","status":"empty","data":{"rows":[]},"warnings":[]},{"key":"token-reuse","label":"Token reuse","status":"empty","data":{"rows":[]},"warnings":[]}],"options":{"only":null,"smart_filter":true,"sort":"cost","limit":null,"min_delta_usd":0.1,"min_delta_pct":1.0}},"warnings":[]}
