---
title: Range Cost Report — Claude + Codex
generated_at: 2026-07-02T12:00:00Z
period: 2026-07-01T00:00:00Z..2026-07-02T12:00:00Z
panel: composed
anonymized: false
cctally_version: 9.9.9
---

# Range Cost Report — Claude + Codex

## Range Cost Report

# Range Cost Report

**Claude**
_2026-07-01 → 2026-07-02 (UTC)_
_2026-07-02T12:00:00Z_

| Model | Tokens | $ Cost |
|:---|---:|---:|
| claude-sonnet-4-20250514 | 570 | $3.75 |

- **Total:** $3.75
- **Tokens:** 570

## Range Cost Report

# Range Cost Report

**Codex**

No data
_2026-07-01 → 2026-07-02 (UTC)_
_2026-07-02T12:00:00Z_

| Model | Tokens | $ Cost |
|:---|---:|---:|
| Total | 0 | $0.00 |
