{"schemaVersion":1,"source":"codex","status":"ok","data":{"asOf":"2026-07-02T12:00:00Z","sections":[{"key":"quota-series","status":"ok","data":{"series":[{"quotaKey":"quota:e73f595acdd2534a15d5467d","sourceLabel":"Codex","slot":"five-hour","windowMinutes":300,"rows":[{"blockStart":"2026-07-02T07:00:00Z","resetAt":"2026-07-02T12:00:00Z","usedPercent":37.0,"costUsd":0.0,"costPerPercent":0.0,"status":"ok","detail":[]}]}]},"warnings":[]}]},"warnings":[]}
