---
title: Range Cost Report — Claude + Codex
generated_at: 2026-07-02T12:00:00Z
period: 2026-07-01T00:00:00Z..2026-07-02T12:00:00Z
panel: composed
anonymized: false
cctally_version: 1.68.0
---

# Range Cost Report — Claude + Codex

## Range Cost Report

# Range Cost Report

**Claude**

No data
_2026-07-01 → 2026-07-02 (UTC)_
_2026-07-02T12:00:00Z_

| Model | Tokens | $ Cost |
|:---|---:|---:|

- **Total:** $0.00
- **Tokens:** 0

## Range Cost Report

# Range Cost Report

**Codex**
_2026-07-01 → 2026-07-02 (UTC)_
_2026-07-02T12:00:00Z_

| Model | Tokens | $ Cost |
|:---|---:|---:|
| Total | 1,234 | $4.25 |
