{"schemaVersion":1,"source":"all","combined":{"costUsd":4.25,"totalTokens":1234},"sources":[{"source":"claude","status":"empty","data":{"schemaVersion":1,"start":"2026-07-01T00:00:00Z","end":"2026-07-02T12:00:00Z","mode":"auto","project":null,"matchedEntries":0,"totalCostUSD":0.0,"firstMatchedEntry":null,"lastMatchedEntry":null,"modelBreakdowns":[]},"warnings":[]},{"source":"codex","status":"ok","data":{"start":"2026-07-01T00:00:00Z","end":"2026-07-02T12:00:00Z","totals":{"costUsd":4.25,"inputTokens":900,"cachedInputTokens":400,"nonCachedInputTokens":500,"outputTokens":334,"reasoningOutputTokens":34,"totalTokens":1234},"models":[]},"warnings":[]}],"warnings":[]}
