Claude Dollars-per-Percent Report
+----------------------------------------------+---------+-----------+-----------+
| Week Window                                  | Usage % |  Cost USD |    $ / 1% |
+----------------------------------------------+---------+-----------+-----------+
| 2026-06-29 00:00 UTC -> 2026-07-06 00:00 UTC |  37.00% | $1.250000 | $0.033784 |
+----------------------------------------------+---------+-----------+-----------+

Trend:
+---+----------------------------------------------+---------+-----------+-----------+----------------------+----------------------+----------------------+
| # | Week Window                                  | Usage % |  Cost USD |    $ / 1% | As Of                | Usage Captured       | Cost Captured        |
+---+----------------------------------------------+---------+-----------+-----------+----------------------+----------------------+----------------------+
| 1 | 2026-06-29 00:00 UTC -> 2026-07-06 00:00 UTC |  37.00% | $1.250000 | $0.033784 | 2026-07-02 12:00 UTC | 2026-07-02 12:00 UTC | 2026-07-02 12:00 UTC |
+---+----------------------------------------------+---------+-----------+-----------+----------------------+----------------------+----------------------+

Codex Dollars-per-Percent Report
Partial: Codex quota state is unavailable.
Quota series: 0
