{"schemaVersion":1,"source":"all","combined":{"costUsd":3.75,"totalTokens":570},"sources":[{"source":"claude","status":"ok","data":{"schemaVersion":1,"rangeStart":"2026-07-01","rangeEnd":"2026-07-02","weeksInRange":1,"groupMode":"git-root","totals":{"costUsd":3.75,"usedPercent":null,"weeklyAttributionAvailable":false},"projects":[{"displayKey":"claude-project","projectPath":"/safe/claude-project","gitRoot":null,"sessions":2,"firstSeen":"2026-07-01T08:00:00Z","lastSeen":"2026-07-01T13:00:00Z","inputTokens":300,"outputTokens":60,"cacheWriteTokens":90,"cacheReadTokens":120,"costUsd":3.75,"attributedUsedPercent":null,"costPerPercent":null}],"warnings":[]},"warnings":[]},{"source":"codex","status":"unavailable","data":null,"warnings":[{"code":"qualified_metadata_unavailable","message":"Codex qualified project metadata is unavailable."}]}],"warnings":[]}
