---
title: Project Report — Claude + Codex
generated_at: 2026-07-02T12:00:00Z
period: 2026-07-01T00:00:00Z..2026-07-02T12:00:00Z
panel: composed
anonymized: false
cctally_version: 1.68.0
---

# Project Report — Claude + Codex

## Project Report

# Project Report

**Claude**

Unavailable: Source analytics are unavailable.
_2026-07-02 → 2026-07-02 (UTC)_
_2026-07-02T12:00:00Z_

## Project Report

# Project Report

**Codex**
_2026-07-01 → 2026-07-02 (UTC)_
_2026-07-02T12:00:00Z_

| project-2 | $ Cost | Tokens |
|:---|---:|---:|
| project-1 | $4.25 | 1,234 |
