 +------------------------------------------------------------+
 |                                                            |
 |  Codex Token Usage Report - Monthly (Timezone: UTC)        |
 |                                                            |
 +------------------------------------------------------------+

+------------+------------------+------------+------------+-------------+--------------+----------------+--------------+
| Month      | Models           |      Input |     Output |   Reasoning |        Cache |          Total |         Cost |
|            |                  |            |            |             |         Read |         Tokens |        (USD) |
+------------+------------------+------------+------------+-------------+--------------+----------------+--------------+
| Jul        | - gpt-5          |        500 |        334 |          34 |          400 |          1,234 |        $4.25 |
| 2026       |                  |            |            |             |              |                |              |
+------------+------------------+------------+------------+-------------+--------------+----------------+--------------+
| Total      |                  |        500 |        334 |          34 |          400 |          1,234 |        $4.25 |
+------------+------------------+------------+------------+-------------+--------------+----------------+--------------+
